/usr/bin/bash: line 1: E:flutterflutter_windows_3.27.1-stableflutterbinflutter.bat: command not found
